::1 - - [02/May/2019:09:33:28 +0700] "GET /favicon.ico HTTP/1.1" 200 30894 "http://localhost/DemoJWT/taoToken.php" "Mozilla/5.0 (Windows NT 10.0; Win64; x64) AppleWebKit/537.36 (KHTML, like Gecko) Chrome/73.0.3683.103 Safari/537.36"
::1 - - [02/May/2019:09:33:36 +0700] "GET /DemoJWT/taoToken.php HTTP/1.1" 200 23 "-" "Mozilla/5.0 (Windows NT 10.0; Win64; x64) AppleWebKit/537.36 (KHTML, like Gecko) Chrome/73.0.3683.103 Safari/537.36"
::1 - - [02/May/2019:09:33:36 +0700] "GET /favicon.ico HTTP/1.1" 200 30894 "http://localhost/DemoJWT/taoToken.php" "Mozilla/5.0 (Windows NT 10.0; Win64; x64) AppleWebKit/537.36 (KHTML, like Gecko) Chrome/73.0.3683.103 Safari/537.36"
192.168.56.1 - - [02/May/2019:09:34:45 +0700] "POST /DemoJWT/taoToken.php HTTP/1.1" 200 23 "-" "okhttp/3.12.1"
192.168.56.1 - - [02/May/2019:09:35:22 +0700] "POST /DemoJWT/taoToken.php HTTP/1.1" 200 23 "-" "okhttp/3.12.1"
192.168.56.1 - - [02/May/2019:09:35:28 +0700] "POST /DemoJWT/taoToken.php HTTP/1.1" 200 23 "-" "okhttp/3.12.1"
192.168.56.1 - - [02/May/2019:09:35:37 +0700] "POST /DemoJWT/taoToken.php HTTP/1.1" 200 195 "-" "okhttp/3.12.1"
192.168.56.1 - - [02/May/2019:09:35:45 +0700] "POST /DemoJWT/taoToken.php HTTP/1.1" 200 195 "-" "okhttp/3.12.1"
192.168.56.1 - - [02/May/2019:09:36:02 +0700] "POST /DemoJWT/taoToken.php HTTP/1.1" 200 195 "-" "okhttp/3.12.1"
192.168.56.1 - - [02/May/2019:09:36:12 +0700] "POST /DemoJWT/taoToken.php HTTP/1.1" 200 23 "-" "okhttp/3.12.1"
192.168.56.1 - - [02/May/2019:09:36:19 +0700] "POST /DemoJWT/taoToken.php HTTP/1.1" 200 195 "-" "okhttp/3.12.1"
192.168.56.1 - - [02/May/2019:09:37:02 +0700] "POST /DemoJWT/taoToken.php HTTP/1.1" 200 195 "-" "okhttp/3.12.1"
192.168.56.1 - - [02/May/2019:09:38:23 +0700] "POST /DemoJWT/taoToken.php HTTP/1.1" 200 23 "-" "okhttp/3.12.1"
192.168.56.1 - - [02/May/2019:09:38:24 +0700] "POST /DemoJWT/taoToken.php HTTP/1.1" 200 23 "-" "okhttp/3.12.1"
192.168.56.1 - - [02/May/2019:09:38:29 +0700] "POST /DemoJWT/taoToken.php HTTP/1.1" 200 195 "-" "okhttp/3.12.1"
192.168.56.1 - - [02/May/2019:09:38:53 +0700] "POST /DemoJWT/taoToken.php HTTP/1.1" 200 195 "-" "okhttp/3.12.1"
192.168.56.1 - - [02/May/2019:09:38:54 +0700] "POST /DemoJWT/taoToken.php HTTP/1.1" 200 195 "-" "okhttp/3.12.1"
192.168.56.1 - - [02/May/2019:09:38:54 +0700] "POST /DemoJWT/taoToken.php HTTP/1.1" 200 195 "-" "okhttp/3.12.1"
192.168.56.1 - - [02/May/2019:09:38:54 +0700] "POST /DemoJWT/taoToken.php HTTP/1.1" 200 195 "-" "okhttp/3.12.1"
192.168.56.1 - - [02/May/2019:09:38:55 +0700] "POST /DemoJWT/taoToken.php HTTP/1.1" 200 195 "-" "okhttp/3.12.1"
192.168.56.1 - - [02/May/2019:09:39:29 +0700] "POST /DemoJWT/taoToken.php HTTP/1.1" 200 195 "-" "okhttp/3.12.1"
192.168.56.1 - - [02/May/2019:09:39:31 +0700] "POST /DemoJWT/taoToken.php HTTP/1.1" 200 195 "-" "okhttp/3.12.1"
192.168.56.1 - - [02/May/2019:09:39:41 +0700] "POST /DemoJWT/taoToken.php HTTP/1.1" 200 23 "-" "okhttp/3.12.1"
192.168.56.1 - - [02/May/2019:09:39:43 +0700] "POST /DemoJWT/taoToken.php HTTP/1.1" 200 23 "-" "okhttp/3.12.1"
192.168.56.1 - - [02/May/2019:09:39:44 +0700] "POST /DemoJWT/taoToken.php HTTP/1.1" 200 23 "-" "okhttp/3.12.1"
192.168.56.1 - - [02/May/2019:09:40:25 +0700] "POST /DemoJWT/taoToken.php HTTP/1.1" 200 23 "-" "okhttp/3.12.1"
192.168.56.1 - - [02/May/2019:09:40:26 +0700] "POST /DemoJWT/taoToken.php HTTP/1.1" 200 23 "-" "okhttp/3.12.1"
192.168.56.1 - - [02/May/2019:09:40:33 +0700] "POST /DemoJWT/taoToken.php HTTP/1.1" 200 195 "-" "okhttp/3.12.1"
192.168.56.1 - - [02/May/2019:09:40:37 +0700] "POST /DemoJWT/taoToken.php HTTP/1.1" 200 23 "-" "okhttp/3.12.1"
192.168.56.1 - - [02/May/2019:09:40:39 +0700] "POST /DemoJWT/taoToken.php HTTP/1.1" 200 23 "-" "okhttp/3.12.1"
192.168.56.1 - - [02/May/2019:09:40:44 +0700] "POST /DemoJWT/taoToken.php HTTP/1.1" 200 195 "-" "okhttp/3.12.1"
192.168.56.1 - - [02/May/2019:09:40:49 +0700] "POST /DemoJWT/taoToken.php HTTP/1.1" 200 23 "-" "okhttp/3.12.1"
::1 - - [02/May/2019:09:56:29 +0700] "POST /phpmyadmin/index.php HTTP/1.1" 200 1644 "-" "Mozilla/5.0 (Windows NT 10.0; Win64; x64) AppleWebKit/537.36 (KHTML, like Gecko) Chrome/73.0.3683.103 Safari/537.36"
::1 - - [02/May/2019:09:56:38 +0700] "POST /phpmyadmin/index.php HTTP/1.1" 200 1644 "-" "Mozilla/5.0 (Windows NT 10.0; Win64; x64) AppleWebKit/537.36 (KHTML, like Gecko) Chrome/73.0.3683.103 Safari/537.36"
::1 - - [02/May/2019:09:56:41 +0700] "POST /phpmyadmin/index.php HTTP/1.1" 200 1644 "-" "Mozilla/5.0 (Windows NT 10.0; Win64; x64) AppleWebKit/537.36 (KHTML, like Gecko) Chrome/73.0.3683.103 Safari/537.36"
::1 - - [02/May/2019:10:09:30 +0700] "-" 408 - "-" "-"
192.168.56.1 - - [02/May/2019:10:20:44 +0700] "POST /DemoJWT/taoToken.php HTTP/1.1" 200 23 "-" "okhttp/3.12.1"
::1 - - [02/May/2019:10:20:40 +0700] "POST /phpmyadmin/index.php HTTP/1.1" 200 1644 "-" "Mozilla/5.0 (Windows NT 10.0; Win64; x64) AppleWebKit/537.36 (KHTML, like Gecko) Chrome/73.0.3683.103 Safari/537.36"
192.168.56.1 - - [02/May/2019:10:20:45 +0700] "POST /DemoJWT/taoToken.php HTTP/1.1" 200 23 "-" "okhttp/3.12.1"
192.168.56.1 - - [02/May/2019:10:20:46 +0700] "POST /DemoJWT/taoToken.php HTTP/1.1" 200 23 "-" "okhttp/3.12.1"
192.168.56.1 - - [02/May/2019:10:20:46 +0700] "POST /DemoJWT/taoToken.php HTTP/1.1" 200 23 "-" "okhttp/3.12.1"
192.168.56.1 - - [02/May/2019:10:20:46 +0700] "POST /DemoJWT/taoToken.php HTTP/1.1" 200 23 "-" "okhttp/3.12.1"
::1 - - [02/May/2019:10:20:46 +0700] "POST /phpmyadmin/index.php HTTP/1.1" 200 1644 "-" "Mozilla/5.0 (Windows NT 10.0; Win64; x64) AppleWebKit/537.36 (KHTML, like Gecko) Chrome/73.0.3683.103 Safari/537.36"
192.168.56.1 - - [02/May/2019:10:20:47 +0700] "POST /DemoJWT/taoToken.php HTTP/1.1" 200 23 "-" "okhttp/3.12.1"
192.168.56.1 - - [02/May/2019:10:20:47 +0700] "POST /DemoJWT/taoToken.php HTTP/1.1" 200 23 "-" "okhttp/3.12.1"
192.168.56.1 - - [02/May/2019:10:20:47 +0700] "POST /DemoJWT/taoToken.php HTTP/1.1" 200 23 "-" "okhttp/3.12.1"
192.168.56.1 - - [02/May/2019:10:20:48 +0700] "POST /DemoJWT/taoToken.php HTTP/1.1" 200 23 "-" "okhttp/3.12.1"
192.168.56.1 - - [02/May/2019:10:20:48 +0700] "POST /DemoJWT/taoToken.php HTTP/1.1" 200 23 "-" "okhttp/3.12.1"
192.168.56.1 - - [02/May/2019:10:20:49 +0700] "POST /DemoJWT/taoToken.php HTTP/1.1" 200 23 "-" "okhttp/3.12.1"
::1 - - [02/May/2019:10:20:48 +0700] "POST /phpmyadmin/index.php HTTP/1.1" 200 1644 "-" "Mozilla/5.0 (Windows NT 10.0; Win64; x64) AppleWebKit/537.36 (KHTML, like Gecko) Chrome/73.0.3683.103 Safari/537.36"
192.168.56.1 - - [02/May/2019:10:20:49 +0700] "POST /DemoJWT/taoToken.php HTTP/1.1" 200 23 "-" "okhttp/3.12.1"
192.168.56.1 - - [02/May/2019:10:20:49 +0700] "POST /DemoJWT/taoToken.php HTTP/1.1" 200 23 "-" "okhttp/3.12.1"
192.168.56.1 - - [02/May/2019:10:20:49 +0700] "POST /DemoJWT/taoToken.php HTTP/1.1" 200 23 "-" "okhttp/3.12.1"
::1 - - [02/May/2019:10:20:50 +0700] "POST /phpmyadmin/index.php HTTP/1.1" 200 1644 "-" "Mozilla/5.0 (Windows NT 10.0; Win64; x64) AppleWebKit/537.36 (KHTML, like Gecko) Chrome/73.0.3683.103 Safari/537.36"
192.168.56.1 - - [02/May/2019:10:21:14 +0700] "POST /DemoJWT/taoToken.php HTTP/1.1" 200 23 "-" "okhttp/3.12.1"
192.168.56.1 - - [02/May/2019:10:23:37 +0700] "POST /DemoJWT/taoToken.php HTTP/1.1" 200 23 "-" "okhttp/3.12.1"
192.168.56.1 - - [02/May/2019:10:24:08 +0700] "POST /DemoJWT/taoToken.php HTTP/1.1" 200 23 "-" "okhttp/3.12.1"
192.168.56.1 - - [02/May/2019:10:28:57 +0700] "POST /DemoJWT/taoToken.php HTTP/1.1" 200 23 "-" "okhttp/3.12.1"
192.168.56.1 - - [02/May/2019:10:29:23 +0700] "POST /DemoJWT/taoToken.php HTTP/1.1" 200 23 "-" "okhttp/3.12.1"
192.168.56.1 - - [02/May/2019:10:43:30 +0700] "POST /DemoJWT/taoToken.php HTTP/1.1" 200 23 "-" "okhttp/3.12.1"
192.168.56.1 - - [02/May/2019:10:43:40 +0700] "POST /DemoJWT/taoToken.php HTTP/1.1" 200 23 "-" "okhttp/3.12.1"
192.168.56.1 - - [02/May/2019:10:43:43 +0700] "POST /DemoJWT/taoToken.php HTTP/1.1" 200 23 "-" "okhttp/3.12.1"
192.168.56.1 - - [02/May/2019:10:44:06 +0700] "POST /DemoJWT/taoToken.php HTTP/1.1" 200 23 "-" "okhttp/3.12.1"
192.168.56.1 - - [02/May/2019:10:44:07 +0700] "POST /DemoJWT/taoToken.php HTTP/1.1" 200 23 "-" "okhttp/3.12.1"
192.168.56.1 - - [02/May/2019:10:44:08 +0700] "POST /DemoJWT/taoToken.php HTTP/1.1" 200 23 "-" "okhttp/3.12.1"
192.168.56.1 - - [02/May/2019:10:44:21 +0700] "POST /DemoJWT/taoToken.php HTTP/1.1" 200 23 "-" "okhttp/3.12.1"
192.168.56.1 - - [02/May/2019:10:44:26 +0700] "POST /DemoJWT/taoToken.php HTTP/1.1" 200 23 "-" "okhttp/3.12.1"
192.168.56.1 - - [02/May/2019:10:44:42 +0700] "POST /DemoJWT/taoToken.php HTTP/1.1" 200 23 "-" "okhttp/3.12.1"
::1 - - [02/May/2019:10:44:50 +0700] "POST /phpmyadmin/index.php HTTP/1.1" 200 1644 "-" "Mozilla/5.0 (Windows NT 10.0; Win64; x64) AppleWebKit/537.36 (KHTML, like Gecko) Chrome/73.0.3683.103 Safari/537.36"
192.168.56.1 - - [02/May/2019:10:45:06 +0700] "POST /DemoJWT/taoToken.php HTTP/1.1" 200 23 "-" "okhttp/3.12.1"
192.168.56.1 - - [02/May/2019:10:45:20 +0700] "POST /DemoJWT/taoToken.php HTTP/1.1" 200 23 "-" "okhttp/3.12.1"
192.168.56.1 - - [02/May/2019:10:45:42 +0700] "POST /DemoJWT/taoToken.php HTTP/1.1" 200 23 "-" "okhttp/3.12.1"
192.168.56.1 - - [02/May/2019:10:50:29 +0700] "POST /DemoJWT/taoToken.php HTTP/1.1" 200 23 "-" "okhttp/3.12.1"
192.168.56.1 - - [02/May/2019:10:50:31 +0700] "POST /DemoJWT/taoToken.php HTTP/1.1" 200 23 "-" "okhttp/3.12.1"
192.168.56.1 - - [02/May/2019:10:50:32 +0700] "POST /DemoJWT/taoToken.php HTTP/1.1" 200 23 "-" "okhttp/3.12.1"
192.168.56.1 - - [02/May/2019:10:50:33 +0700] "POST /DemoJWT/taoToken.php HTTP/1.1" 200 23 "-" "okhttp/3.12.1"
192.168.56.1 - - [02/May/2019:10:50:34 +0700] "POST /DemoJWT/taoToken.php HTTP/1.1" 200 23 "-" "okhttp/3.12.1"
192.168.56.1 - - [02/May/2019:10:50:34 +0700] "POST /DemoJWT/taoToken.php HTTP/1.1" 200 23 "-" "okhttp/3.12.1"
192.168.56.1 - - [02/May/2019:10:50:35 +0700] "POST /DemoJWT/taoToken.php HTTP/1.1" 200 23 "-" "okhttp/3.12.1"
192.168.56.1 - - [02/May/2019:10:50:35 +0700] "POST /DemoJWT/taoToken.php HTTP/1.1" 200 23 "-" "okhttp/3.12.1"
192.168.56.1 - - [02/May/2019:10:50:35 +0700] "POST /DemoJWT/taoToken.php HTTP/1.1" 200 23 "-" "okhttp/3.12.1"
192.168.56.1 - - [02/May/2019:10:50:46 +0700] "POST /DemoJWT/taoToken.php HTTP/1.1" 200 23 "-" "okhttp/3.12.1"
192.168.56.1 - - [02/May/2019:10:51:31 +0700] "POST /DemoJWT/taoToken.php HTTP/1.1" 200 195 "-" "okhttp/3.12.1"
192.168.56.1 - - [02/May/2019:10:51:33 +0700] "POST /DemoJWT/taoToken.php HTTP/1.1" 200 195 "-" "okhttp/3.12.1"
192.168.56.1 - - [02/May/2019:10:51:34 +0700] "POST /DemoJWT/taoToken.php HTTP/1.1" 200 195 "-" "okhttp/3.12.1"
192.168.56.1 - - [02/May/2019:10:51:40 +0700] "POST /DemoJWT/taoToken.php HTTP/1.1" 200 195 "-" "okhttp/3.12.1"
192.168.56.1 - - [02/May/2019:10:52:01 +0700] "POST /DemoJWT/taoToken.php HTTP/1.1" 200 23 "-" "okhttp/3.12.1"
192.168.56.1 - - [02/May/2019:10:52:07 +0700] "POST /DemoJWT/taoToken.php HTTP/1.1" 200 195 "-" "okhttp/3.12.1"
192.168.56.1 - - [02/May/2019:10:52:09 +0700] "POST /DemoJWT/taoToken.php HTTP/1.1" 200 23 "-" "okhttp/3.12.1"
192.168.56.1 - - [02/May/2019:10:52:12 +0700] "POST /DemoJWT/taoToken.php HTTP/1.1" 200 23 "-" "okhttp/3.12.1"
192.168.56.1 - - [02/May/2019:10:52:13 +0700] "POST /DemoJWT/taoToken.php HTTP/1.1" 200 23 "-" "okhttp/3.12.1"
::1 - - [02/May/2019:10:53:00 +0700] "GET /DemoJWT/checkToken.php?token=eyJ0eXAiOiJKV1QiLCJhbGciOiJIUzI1NiJ9.eyJpZCI6ODg4OCwiaG90ZW4iOiJOZ3V5ZW4gQSIsImVtYWlsIjoiYW4ubmRAZ21haWwuY29tIn0.7UOMi0dDtNF9bHzwBl1arcrD5D3b7xoKkg-l4u75SlE HTTP/1.1" 200 58 "-" "Mozilla/5.0 (Windows NT 10.0; Win64; x64) AppleWebKit/537.36 (KHTML, like Gecko) Chrome/73.0.3683.103 Safari/537.36"
::1 - - [02/May/2019:10:53:03 +0700] "GET /phpmyadmin/themes/pmahomme/img/hide.png HTTP/1.1" 200 284 "http://localhost/phpmyadmin/phpmyadmin.css.php?nocache=6100870920ltr&server=1" "Mozilla/5.0 (Windows NT 10.0; Win64; x64) AppleWebKit/537.36 (KHTML, like Gecko) Chrome/73.0.3683.103 Safari/537.36"
::1 - - [02/May/2019:10:53:04 +0700] "GET /phpmyadmin/sql.php?server=1&db=demolive&table=nhanvien&pos=0&ajax_request=true&ajax_page_request=true&_nocache=1556769184673581893&token=2O0%7Cy%5D%7Chn9kx%224Wb HTTP/1.1" 200 7781 "-" "Mozilla/5.0 (Windows NT 10.0; Win64; x64) AppleWebKit/537.36 (KHTML, like Gecko) Chrome/73.0.3683.103 Safari/537.36"
::1 - - [02/May/2019:10:53:07 +0700] "GET /phpmyadmin/index.php?ajax_request=1&recent_table=1&no_debug=true&_nocache=1556769187070636266&token=2O0%7Cy%5D%7Chn9kx%224Wb HTTP/1.1" 200 1610 "-" "Mozilla/5.0 (Windows NT 10.0; Win64; x64) AppleWebKit/537.36 (KHTML, like Gecko) Chrome/73.0.3683.103 Safari/537.36"
::1 - - [02/May/2019:10:53:17 +0700] "GET /phpmyadmin/sql.php?server=1&db=demojwt&table=users&pos=0&ajax_request=true&ajax_page_request=true&_nocache=1556769197135286507&token=2O0%7Cy%5D%7Chn9kx%224Wb HTTP/1.1" 200 8136 "-" "Mozilla/5.0 (Windows NT 10.0; Win64; x64) AppleWebKit/537.36 (KHTML, like Gecko) Chrome/73.0.3683.103 Safari/537.36"
::1 - - [02/May/2019:10:53:17 +0700] "GET /phpmyadmin/index.php?ajax_request=1&recent_table=1&no_debug=true&_nocache=1556769197634645146&token=2O0%7Cy%5D%7Chn9kx%224Wb HTTP/1.1" 200 1608 "-" "Mozilla/5.0 (Windows NT 10.0; Win64; x64) AppleWebKit/537.36 (KHTML, like Gecko) Chrome/73.0.3683.103 Safari/537.36"
::1 - - [02/May/2019:10:53:21 +0700] "GET /phpmyadmin/tbl_create.php?server=1&db=demolive&ajax_request=true&ajax_page_request=true&_nocache=1556769201791917300&token=2O0%7Cy%5D%7Chn9kx%224Wb HTTP/1.1" 200 40354 "-" "Mozilla/5.0 (Windows NT 10.0; Win64; x64) AppleWebKit/537.36 (KHTML, like Gecko) Chrome/73.0.3683.103 Safari/537.36"
::1 - - [02/May/2019:10:53:23 +0700] "GET /phpmyadmin/sql.php?server=1&db=demolive&table=nhanvien&pos=0&ajax_request=true&ajax_page_request=true&_nocache=1556769203581800923&token=2O0%7Cy%5D%7Chn9kx%224Wb HTTP/1.1" 200 7782 "-" "Mozilla/5.0 (Windows NT 10.0; Win64; x64) AppleWebKit/537.36 (KHTML, like Gecko) Chrome/73.0.3683.103 Safari/537.36"
::1 - - [02/May/2019:10:53:24 +0700] "GET /phpmyadmin/index.php?ajax_request=1&recent_table=1&no_debug=true&_nocache=15567692041575390&token=2O0%7Cy%5D%7Chn9kx%224Wb HTTP/1.1" 200 1610 "-" "Mozilla/5.0 (Windows NT 10.0; Win64; x64) AppleWebKit/537.36 (KHTML, like Gecko) Chrome/73.0.3683.103 Safari/537.36"
::1 - - [02/May/2019:10:53:37 +0700] "GET /phpmyadmin/sql.php?server=1&db=demojwt&table=users&pos=0&ajax_request=true&ajax_page_request=true&_nocache=1556769217631225990&token=2O0%7Cy%5D%7Chn9kx%224Wb HTTP/1.1" 200 8136 "-" "Mozilla/5.0 (Windows NT 10.0; Win64; x64) AppleWebKit/537.36 (KHTML, like Gecko) Chrome/73.0.3683.103 Safari/537.36"
::1 - - [02/May/2019:10:53:38 +0700] "GET /phpmyadmin/index.php?ajax_request=1&recent_table=1&no_debug=true&_nocache=1556769218076244665&token=2O0%7Cy%5D%7Chn9kx%224Wb HTTP/1.1" 200 1608 "-" "Mozilla/5.0 (Windows NT 10.0; Win64; x64) AppleWebKit/537.36 (KHTML, like Gecko) Chrome/73.0.3683.103 Safari/537.36"
::1 - - [02/May/2019:10:54:33 +0700] "POST /phpmyadmin/tbl_row_action.php HTTP/1.1" 200 105 "-" "Mozilla/5.0 (Windows NT 10.0; Win64; x64) AppleWebKit/537.36 (KHTML, like Gecko) Chrome/73.0.3683.103 Safari/537.36"
::1 - - [02/May/2019:10:54:43 +0700] "POST /phpmyadmin/tbl_row_action.php HTTP/1.1" 200 8443 "-" "Mozilla/5.0 (Windows NT 10.0; Win64; x64) AppleWebKit/537.36 (KHTML, like Gecko) Chrome/73.0.3683.103 Safari/537.36"
::1 - - [02/May/2019:10:54:43 +0700] "GET /phpmyadmin/themes/pmahomme/img/b_help.png HTTP/1.1" 200 705 "http://localhost/phpmyadmin/phpmyadmin.css.php?nocache=6100870920ltr&server=1" "Mozilla/5.0 (Windows NT 10.0; Win64; x64) AppleWebKit/537.36 (KHTML, like Gecko) Chrome/73.0.3683.103 Safari/537.36"
::1 - - [02/May/2019:10:54:43 +0700] "GET /phpmyadmin/js/vendor/jquery/additional-methods.js?v=4.8.5 HTTP/1.1" 200 42095 "-" "Mozilla/5.0 (Windows NT 10.0; Win64; x64) AppleWebKit/537.36 (KHTML, like Gecko) Chrome/73.0.3683.103 Safari/537.36"
::1 - - [02/May/2019:10:54:43 +0700] "GET /phpmyadmin/index.php?ajax_request=1&recent_table=1&no_debug=true&_nocache=1556769283842296644&token=2O0%7Cy%5D%7Chn9kx%224Wb HTTP/1.1" 200 1608 "-" "Mozilla/5.0 (Windows NT 10.0; Win64; x64) AppleWebKit/537.36 (KHTML, like Gecko) Chrome/73.0.3683.103 Safari/537.36"
::1 - - [02/May/2019:10:54:51 +0700] "POST /phpmyadmin/tbl_replace.php HTTP/1.1" 200 8220 "-" "Mozilla/5.0 (Windows NT 10.0; Win64; x64) AppleWebKit/537.36 (KHTML, like Gecko) Chrome/73.0.3683.103 Safari/537.36"
::1 - - [02/May/2019:10:54:52 +0700] "GET /phpmyadmin/index.php?ajax_request=1&recent_table=1&no_debug=true&_nocache=155676929211744461&token=2O0%7Cy%5D%7Chn9kx%224Wb HTTP/1.1" 200 1608 "-" "Mozilla/5.0 (Windows NT 10.0; Win64; x64) AppleWebKit/537.36 (KHTML, like Gecko) Chrome/73.0.3683.103 Safari/537.36"
::1 - - [02/May/2019:10:54:56 +0700] "POST /phpmyadmin/tbl_row_action.php HTTP/1.1" 200 8443 "-" "Mozilla/5.0 (Windows NT 10.0; Win64; x64) AppleWebKit/537.36 (KHTML, like Gecko) Chrome/73.0.3683.103 Safari/537.36"
::1 - - [02/May/2019:10:54:57 +0700] "GET /phpmyadmin/index.php?ajax_request=1&recent_table=1&no_debug=true&_nocache=1556769297349795913&token=2O0%7Cy%5D%7Chn9kx%224Wb HTTP/1.1" 200 1608 "-" "Mozilla/5.0 (Windows NT 10.0; Win64; x64) AppleWebKit/537.36 (KHTML, like Gecko) Chrome/73.0.3683.103 Safari/537.36"
::1 - - [02/May/2019:10:55:05 +0700] "GET /phpmyadmin/tbl_structure.php?db=demojwt&table=users&ajax_request=true&ajax_page_request=true&_nocache=1556769305369815426&token=2O0%7Cy%5D%7Chn9kx%224Wb HTTP/1.1" 200 8480 "-" "Mozilla/5.0 (Windows NT 10.0; Win64; x64) AppleWebKit/537.36 (KHTML, like Gecko) Chrome/73.0.3683.103 Safari/537.36"
::1 - - [02/May/2019:10:55:07 +0700] "GET /phpmyadmin/themes/pmahomme/img/b_relations.png HTTP/1.1" 200 140 "http://localhost/phpmyadmin/phpmyadmin.css.php?nocache=6100870920ltr&server=1" "Mozilla/5.0 (Windows NT 10.0; Win64; x64) AppleWebKit/537.36 (KHTML, like Gecko) Chrome/73.0.3683.103 Safari/537.36"
::1 - - [02/May/2019:10:55:07 +0700] "GET /phpmyadmin/themes/pmahomme/img/b_ftext.png HTTP/1.1" 200 550 "http://localhost/phpmyadmin/phpmyadmin.css.php?nocache=6100870920ltr&server=1" "Mozilla/5.0 (Windows NT 10.0; Win64; x64) AppleWebKit/537.36 (KHTML, like Gecko) Chrome/73.0.3683.103 Safari/537.36"
::1 - - [02/May/2019:10:55:07 +0700] "GET /phpmyadmin/themes/pmahomme/img/b_primary.png HTTP/1.1" 200 536 "http://localhost/phpmyadmin/phpmyadmin.css.php?nocache=6100870920ltr&server=1" "Mozilla/5.0 (Windows NT 10.0; Win64; x64) AppleWebKit/537.36 (KHTML, like Gecko) Chrome/73.0.3683.103 Safari/537.36"
::1 - - [02/May/2019:10:55:07 +0700] "GET /phpmyadmin/themes/pmahomme/img/b_index.png HTTP/1.1" 200 643 "http://localhost/phpmyadmin/phpmyadmin.css.php?nocache=6100870920ltr&server=1" "Mozilla/5.0 (Windows NT 10.0; Win64; x64) AppleWebKit/537.36 (KHTML, like Gecko) Chrome/73.0.3683.103 Safari/537.36"
::1 - - [02/May/2019:10:55:07 +0700] "GET /phpmyadmin/themes/pmahomme/img/b_tblanalyse.png HTTP/1.1" 200 152 "http://localhost/phpmyadmin/phpmyadmin.css.php?nocache=6100870920ltr&server=1" "Mozilla/5.0 (Windows NT 10.0; Win64; x64) AppleWebKit/537.36 (KHTML, like Gecko) Chrome/73.0.3683.103 Safari/537.36"
::1 - - [02/May/2019:10:55:07 +0700] "GET /phpmyadmin/themes/pmahomme/img/normalize.png HTTP/1.1" 200 505 "http://localhost/phpmyadmin/phpmyadmin.css.php?nocache=6100870920ltr&server=1" "Mozilla/5.0 (Windows NT 10.0; Win64; x64) AppleWebKit/537.36 (KHTML, like Gecko) Chrome/73.0.3683.103 Safari/537.36"
::1 - - [02/May/2019:10:55:07 +0700] "GET /phpmyadmin/themes/pmahomme/img/centralColumns_delete.png HTTP/1.1" 200 683 "http://localhost/phpmyadmin/phpmyadmin.css.php?nocache=6100870920ltr&server=1" "Mozilla/5.0 (Windows NT 10.0; Win64; x64) AppleWebKit/537.36 (KHTML, like Gecko) Chrome/73.0.3683.103 Safari/537.36"
::1 - - [02/May/2019:10:55:07 +0700] "GET /phpmyadmin/themes/pmahomme/img/b_unique.png HTTP/1.1" 200 583 "http://localhost/phpmyadmin/phpmyadmin.css.php?nocache=6100870920ltr&server=1" "Mozilla/5.0 (Windows NT 10.0; Win64; x64) AppleWebKit/537.36 (KHTML, like Gecko) Chrome/73.0.3683.103 Safari/537.36"
::1 - - [02/May/2019:10:55:07 +0700] "GET /phpmyadmin/themes/pmahomme/img/b_move.png HTTP/1.1" 200 381 "http://localhost/phpmyadmin/phpmyadmin.css.php?nocache=6100870920ltr&server=1" "Mozilla/5.0 (Windows NT 10.0; Win64; x64) AppleWebKit/537.36 (KHTML, like Gecko) Chrome/73.0.3683.103 Safari/537.36"
::1 - - [02/May/2019:10:55:07 +0700] "GET /phpmyadmin/themes/pmahomme/img/centralColumns_add.png HTTP/1.1" 200 676 "http://localhost/phpmyadmin/phpmyadmin.css.php?nocache=6100870920ltr&server=1" "Mozilla/5.0 (Windows NT 10.0; Win64; x64) AppleWebKit/537.36 (KHTML, like Gecko) Chrome/73.0.3683.103 Safari/537.36"
::1 - - [02/May/2019:10:55:07 +0700] "GET /phpmyadmin/themes/pmahomme/img/s_notice.png HTTP/1.1" 200 567 "http://localhost/phpmyadmin/phpmyadmin.css.php?nocache=6100870920ltr&server=1" "Mozilla/5.0 (Windows NT 10.0; Win64; x64) AppleWebKit/537.36 (KHTML, like Gecko) Chrome/73.0.3683.103 Safari/537.36"
::1 - - [02/May/2019:10:55:07 +0700] "GET /phpmyadmin/js/tbl_structure.js?v=4.8.5 HTTP/1.1" 200 19834 "-" "Mozilla/5.0 (Windows NT 10.0; Win64; x64) AppleWebKit/537.36 (KHTML, like Gecko) Chrome/73.0.3683.103 Safari/537.36"
::1 - - [02/May/2019:10:55:07 +0700] "GET /phpmyadmin/index.php?ajax_request=1&recent_table=1&no_debug=true&_nocache=155676930743054214&token=2O0%7Cy%5D%7Chn9kx%224Wb HTTP/1.1" 200 1608 "-" "Mozilla/5.0 (Windows NT 10.0; Win64; x64) AppleWebKit/537.36 (KHTML, like Gecko) Chrome/73.0.3683.103 Safari/537.36"
::1 - - [02/May/2019:10:55:15 +0700] "POST /phpmyadmin/tbl_structure.php HTTP/1.1" 200 711 "-" "Mozilla/5.0 (Windows NT 10.0; Win64; x64) AppleWebKit/537.36 (KHTML, like Gecko) Chrome/73.0.3683.103 Safari/537.36"
::1 - - [02/May/2019:10:55:22 +0700] "POST /phpmyadmin/tbl_addfield.php HTTP/1.1" 200 11325 "-" "Mozilla/5.0 (Windows NT 10.0; Win64; x64) AppleWebKit/537.36 (KHTML, like Gecko) Chrome/73.0.3683.103 Safari/537.36"
::1 - - [02/May/2019:10:55:23 +0700] "GET /phpmyadmin/index.php?ajax_request=1&recent_table=1&no_debug=true&_nocache=1556769323289629237&token=2O0%7Cy%5D%7Chn9kx%224Wb HTTP/1.1" 200 1608 "-" "Mozilla/5.0 (Windows NT 10.0; Win64; x64) AppleWebKit/537.36 (KHTML, like Gecko) Chrome/73.0.3683.103 Safari/537.36"
::1 - - [02/May/2019:10:55:30 +0700] "GET /phpmyadmin/themes/pmahomme/img/s_lock.png HTTP/1.1" 200 667 "http://localhost/phpmyadmin/phpmyadmin.css.php?nocache=6100870920ltr&server=1" "Mozilla/5.0 (Windows NT 10.0; Win64; x64) AppleWebKit/537.36 (KHTML, like Gecko) Chrome/73.0.3683.103 Safari/537.36"
::1 - - [02/May/2019:10:55:40 +0700] "POST /phpmyadmin/tbl_structure.php HTTP/1.1" 200 117 "-" "Mozilla/5.0 (Windows NT 10.0; Win64; x64) AppleWebKit/537.36 (KHTML, like Gecko) Chrome/73.0.3683.103 Safari/537.36"
::1 - - [02/May/2019:10:55:40 +0700] "POST /phpmyadmin/tbl_addfield.php HTTP/1.1" 200 2026 "-" "Mozilla/5.0 (Windows NT 10.0; Win64; x64) AppleWebKit/537.36 (KHTML, like Gecko) Chrome/73.0.3683.103 Safari/537.36"
::1 - - [02/May/2019:10:55:40 +0700] "POST /phpmyadmin/navigation.php?ajax_request=1 HTTP/1.1" 200 2760 "-" "Mozilla/5.0 (Windows NT 10.0; Win64; x64) AppleWebKit/537.36 (KHTML, like Gecko) Chrome/73.0.3683.103 Safari/537.36"
::1 - - [02/May/2019:10:55:40 +0700] "POST /phpmyadmin/sql.php?db=demojwt&table=users&pos=0 HTTP/1.1" 200 8178 "-" "Mozilla/5.0 (Windows NT 10.0; Win64; x64) AppleWebKit/537.36 (KHTML, like Gecko) Chrome/73.0.3683.103 Safari/537.36"
::1 - - [02/May/2019:10:55:44 +0700] "GET /phpmyadmin/tbl_import.php?db=demojwt&table=users&ajax_request=true&ajax_page_request=true&_nocache=1556769344767457811&token=2O0%7Cy%5D%7Chn9kx%224Wb HTTP/1.1" 200 7528 "-" "Mozilla/5.0 (Windows NT 10.0; Win64; x64) AppleWebKit/537.36 (KHTML, like Gecko) Chrome/73.0.3683.103 Safari/537.36"
::1 - - [02/May/2019:10:55:44 +0700] "GET /phpmyadmin/tbl_import.php?db=demojwt&table=users&ajax_request=true&ajax_page_request=true&_nocache=1556769344918278781&token=2O0%7Cy%5D%7Chn9kx%224Wb HTTP/1.1" 200 7529 "-" "Mozilla/5.0 (Windows NT 10.0; Win64; x64) AppleWebKit/537.36 (KHTML, like Gecko) Chrome/73.0.3683.103 Safari/537.36"
::1 - - [02/May/2019:10:55:46 +0700] "GET /phpmyadmin/themes/pmahomme/img/b_import.png HTTP/1.1" 200 556 "http://localhost/phpmyadmin/phpmyadmin.css.php?nocache=6100870920ltr&server=1" "Mozilla/5.0 (Windows NT 10.0; Win64; x64) AppleWebKit/537.36 (KHTML, like Gecko) Chrome/73.0.3683.103 Safari/537.36"
::1 - - [02/May/2019:10:55:46 +0700] "GET /phpmyadmin/js/import.js?v=4.8.5 HTTP/1.1" 200 5640 "-" "Mozilla/5.0 (Windows NT 10.0; Win64; x64) AppleWebKit/537.36 (KHTML, like Gecko) Chrome/73.0.3683.103 Safari/537.36"
::1 - - [02/May/2019:10:55:46 +0700] "GET /phpmyadmin/index.php?ajax_request=1&recent_table=1&no_debug=true&_nocache=1556769346089990284&token=2O0%7Cy%5D%7Chn9kx%224Wb HTTP/1.1" 200 1608 "-" "Mozilla/5.0 (Windows NT 10.0; Win64; x64) AppleWebKit/537.36 (KHTML, like Gecko) Chrome/73.0.3683.103 Safari/537.36"
::1 - - [02/May/2019:10:55:48 +0700] "GET /phpmyadmin/sql.php?db=demojwt&table=users&pos=0&ajax_request=true&ajax_page_request=true&_nocache=1556769348212875470&token=2O0%7Cy%5D%7Chn9kx%224Wb HTTP/1.1" 200 8178 "-" "Mozilla/5.0 (Windows NT 10.0; Win64; x64) AppleWebKit/537.36 (KHTML, like Gecko) Chrome/73.0.3683.103 Safari/537.36"
::1 - - [02/May/2019:10:55:48 +0700] "GET /phpmyadmin/index.php?ajax_request=1&recent_table=1&no_debug=true&_nocache=1556769348669957565&token=2O0%7Cy%5D%7Chn9kx%224Wb HTTP/1.1" 200 1608 "-" "Mozilla/5.0 (Windows NT 10.0; Win64; x64) AppleWebKit/537.36 (KHTML, like Gecko) Chrome/73.0.3683.103 Safari/537.36"
::1 - - [02/May/2019:10:56:07 +0700] "GET /phpmyadmin/tbl_structure.php?db=demojwt&table=users&ajax_request=true&ajax_page_request=true&_nocache=1556769367957188587&token=2O0%7Cy%5D%7Chn9kx%224Wb HTTP/1.1" 200 8649 "-" "Mozilla/5.0 (Windows NT 10.0; Win64; x64) AppleWebKit/537.36 (KHTML, like Gecko) Chrome/73.0.3683.103 Safari/537.36"
::1 - - [02/May/2019:10:56:08 +0700] "GET /phpmyadmin/index.php?ajax_request=1&recent_table=1&no_debug=true&_nocache=1556769368438318284&token=2O0%7Cy%5D%7Chn9kx%224Wb HTTP/1.1" 200 1608 "-" "Mozilla/5.0 (Windows NT 10.0; Win64; x64) AppleWebKit/537.36 (KHTML, like Gecko) Chrome/73.0.3683.103 Safari/537.36"
::1 - - [02/May/2019:10:56:10 +0700] "GET /phpmyadmin/tbl_sql.php?db=demojwt&table=users&ajax_request=true&ajax_page_request=true&_nocache=1556769370699983259&token=2O0%7Cy%5D%7Chn9kx%224Wb HTTP/1.1" 200 5222 "-" "Mozilla/5.0 (Windows NT 10.0; Win64; x64) AppleWebKit/537.36 (KHTML, like Gecko) Chrome/73.0.3683.103 Safari/537.36"
::1 - - [02/May/2019:10:56:11 +0700] "GET /phpmyadmin/index.php?ajax_request=1&recent_table=1&no_debug=true&_nocache=1556769371096896878&token=2O0%7Cy%5D%7Chn9kx%224Wb HTTP/1.1" 200 1608 "-" "Mozilla/5.0 (Windows NT 10.0; Win64; x64) AppleWebKit/537.36 (KHTML, like Gecko) Chrome/73.0.3683.103 Safari/537.36"
::1 - - [02/May/2019:10:56:11 +0700] "POST /phpmyadmin/lint.php HTTP/1.1" 200 28 "-" "Mozilla/5.0 (Windows NT 10.0; Win64; x64) AppleWebKit/537.36 (KHTML, like Gecko) Chrome/73.0.3683.103 Safari/537.36"
::1 - - [02/May/2019:10:56:16 +0700] "GET /phpmyadmin/tbl_import.php?db=demojwt&table=users&ajax_request=true&ajax_page_request=true&_nocache=1556769376281196788&token=2O0%7Cy%5D%7Chn9kx%224Wb HTTP/1.1" 200 7530 "-" "Mozilla/5.0 (Windows NT 10.0; Win64; x64) AppleWebKit/537.36 (KHTML, like Gecko) Chrome/73.0.3683.103 Safari/537.36"
::1 - - [02/May/2019:10:56:16 +0700] "GET /phpmyadmin/index.php?ajax_request=1&recent_table=1&no_debug=true&_nocache=1556769376702589999&token=2O0%7Cy%5D%7Chn9kx%224Wb HTTP/1.1" 200 1608 "-" "Mozilla/5.0 (Windows NT 10.0; Win64; x64) AppleWebKit/537.36 (KHTML, like Gecko) Chrome/73.0.3683.103 Safari/537.36"
::1 - - [02/May/2019:10:56:17 +0700] "GET /phpmyadmin/tbl_change.php?db=demojwt&table=users&ajax_request=true&ajax_page_request=true&_nocache=1556769377614361776&token=2O0%7Cy%5D%7Chn9kx%224Wb HTTP/1.1" 200 7331 "-" "Mozilla/5.0 (Windows NT 10.0; Win64; x64) AppleWebKit/537.36 (KHTML, like Gecko) Chrome/73.0.3683.103 Safari/537.36"
::1 - - [02/May/2019:10:56:18 +0700] "GET /phpmyadmin/index.php?ajax_request=1&recent_table=1&no_debug=true&_nocache=1556769378073494030&token=2O0%7Cy%5D%7Chn9kx%224Wb HTTP/1.1" 200 1608 "-" "Mozilla/5.0 (Windows NT 10.0; Win64; x64) AppleWebKit/537.36 (KHTML, like Gecko) Chrome/73.0.3683.103 Safari/537.36"
::1 - - [02/May/2019:10:56:23 +0700] "GET /phpmyadmin/tbl_import.php?db=demojwt&table=users&ajax_request=true&ajax_page_request=true&_nocache=1556769383135919344&token=2O0%7Cy%5D%7Chn9kx%224Wb HTTP/1.1" 200 7529 "-" "Mozilla/5.0 (Windows NT 10.0; Win64; x64) AppleWebKit/537.36 (KHTML, like Gecko) Chrome/73.0.3683.103 Safari/537.36"
::1 - - [02/May/2019:10:56:23 +0700] "GET /phpmyadmin/index.php?ajax_request=1&recent_table=1&no_debug=true&_nocache=1556769383574231969&token=2O0%7Cy%5D%7Chn9kx%224Wb HTTP/1.1" 200 1608 "-" "Mozilla/5.0 (Windows NT 10.0; Win64; x64) AppleWebKit/537.36 (KHTML, like Gecko) Chrome/73.0.3683.103 Safari/537.36"
::1 - - [02/May/2019:10:56:27 +0700] "GET /phpmyadmin/sql.php?db=demojwt&table=users&pos=0&ajax_request=true&ajax_page_request=true&_nocache=1556769387424906446&token=2O0%7Cy%5D%7Chn9kx%224Wb HTTP/1.1" 200 8174 "-" "Mozilla/5.0 (Windows NT 10.0; Win64; x64) AppleWebKit/537.36 (KHTML, like Gecko) Chrome/73.0.3683.103 Safari/537.36"
::1 - - [02/May/2019:10:56:27 +0700] "GET /phpmyadmin/index.php?ajax_request=1&recent_table=1&no_debug=true&_nocache=155676938790437031&token=2O0%7Cy%5D%7Chn9kx%224Wb HTTP/1.1" 200 1608 "-" "Mozilla/5.0 (Windows NT 10.0; Win64; x64) AppleWebKit/537.36 (KHTML, like Gecko) Chrome/73.0.3683.103 Safari/537.36"
::1 - - [02/May/2019:10:56:30 +0700] "POST /phpmyadmin/tbl_change.php HTTP/1.1" 200 6845 "-" "Mozilla/5.0 (Windows NT 10.0; Win64; x64) AppleWebKit/537.36 (KHTML, like Gecko) Chrome/73.0.3683.103 Safari/537.36"
::1 - - [02/May/2019:10:56:31 +0700] "GET /phpmyadmin/index.php?ajax_request=1&recent_table=1&no_debug=true&_nocache=155676939114787598&token=2O0%7Cy%5D%7Chn9kx%224Wb HTTP/1.1" 200 1608 "-" "Mozilla/5.0 (Windows NT 10.0; Win64; x64) AppleWebKit/537.36 (KHTML, like Gecko) Chrome/73.0.3683.103 Safari/537.36"
::1 - - [02/May/2019:10:56:59 +0700] "GET /DemoJWT/taoToken.php HTTP/1.1" 200 195 "-" "Mozilla/5.0 (Windows NT 10.0; Win64; x64) AppleWebKit/537.36 (KHTML, like Gecko) Chrome/73.0.3683.103 Safari/537.36"
::1 - - [02/May/2019:10:57:00 +0700] "GET /favicon.ico HTTP/1.1" 200 30894 "http://localhost/DemoJWT/taoToken.php" "Mozilla/5.0 (Windows NT 10.0; Win64; x64) AppleWebKit/537.36 (KHTML, like Gecko) Chrome/73.0.3683.103 Safari/537.36"
192.168.56.1 - - [02/May/2019:10:57:12 +0700] "POST /DemoJWT/taoToken.php HTTP/1.1" 200 195 "-" "okhttp/3.12.1"
192.168.56.1 - - [02/May/2019:10:57:14 +0700] "POST /DemoJWT/taoToken.php HTTP/1.1" 200 195 "-" "okhttp/3.12.1"
::1 - - [02/May/2019:10:57:33 +0700] "POST /phpmyadmin/tbl_replace.php HTTP/1.1" 200 8564 "-" "Mozilla/5.0 (Windows NT 10.0; Win64; x64) AppleWebKit/537.36 (KHTML, like Gecko) Chrome/73.0.3683.103 Safari/537.36"
::1 - - [02/May/2019:10:57:34 +0700] "GET /phpmyadmin/index.php?ajax_request=1&recent_table=1&no_debug=true&_nocache=1556769454114434027&token=2O0%7Cy%5D%7Chn9kx%224Wb HTTP/1.1" 200 1608 "-" "Mozilla/5.0 (Windows NT 10.0; Win64; x64) AppleWebKit/537.36 (KHTML, like Gecko) Chrome/73.0.3683.103 Safari/537.36"
::1 - - [02/May/2019:10:57:55 +0700] "GET /DemoJWT/taoToken.php HTTP/1.1" 200 23 "-" "Mozilla/5.0 (Windows NT 10.0; Win64; x64) AppleWebKit/537.36 (KHTML, like Gecko) Chrome/73.0.3683.103 Safari/537.36"
::1 - - [02/May/2019:10:57:56 +0700] "GET /favicon.ico HTTP/1.1" 200 30894 "http://localhost/DemoJWT/taoToken.php" "Mozilla/5.0 (Windows NT 10.0; Win64; x64) AppleWebKit/537.36 (KHTML, like Gecko) Chrome/73.0.3683.103 Safari/537.36"
192.168.56.1 - - [02/May/2019:10:59:56 +0700] "POST /DemoJWT/taoToken.php HTTP/1.1" 200 23 "-" "okhttp/3.12.1"
192.168.56.1 - - [02/May/2019:10:59:57 +0700] "POST /DemoJWT/taoToken.php HTTP/1.1" 200 23 "-" "okhttp/3.12.1"
192.168.56.1 - - [02/May/2019:10:59:58 +0700] "POST /DemoJWT/taoToken.php HTTP/1.1" 200 23 "-" "okhttp/3.12.1"
192.168.56.1 - - [02/May/2019:10:59:59 +0700] "POST /DemoJWT/taoToken.php HTTP/1.1" 200 23 "-" "okhttp/3.12.1"
192.168.56.1 - - [02/May/2019:10:59:59 +0700] "POST /DemoJWT/taoToken.php HTTP/1.1" 200 23 "-" "okhttp/3.12.1"
192.168.56.1 - - [02/May/2019:11:00:04 +0700] "POST /DemoJWT/taoToken.php HTTP/1.1" 200 23 "-" "okhttp/3.12.1"
192.168.56.1 - - [02/May/2019:11:00:06 +0700] "POST /DemoJWT/taoToken.php HTTP/1.1" 200 195 "-" "okhttp/3.12.1"
192.168.56.1 - - [02/May/2019:11:00:08 +0700] "POST /DemoJWT/taoToken.php HTTP/1.1" 200 195 "-" "okhttp/3.12.1"
192.168.142.2 - - [02/May/2019:11:03:38 +0700] "POST /DemoLive/dangky.php HTTP/1.1" 200 19 "-" "okhttp/3.12.1"
::1 - - [02/May/2019:11:03:46 +0700] "GET /phpmyadmin/themes/pmahomme/img/s_unlink.png HTTP/1.1" 200 589 "http://localhost/phpmyadmin/phpmyadmin.css.php?nocache=6100870920ltr&server=1" "Mozilla/5.0 (Windows NT 10.0; Win64; x64) AppleWebKit/537.36 (KHTML, like Gecko) Chrome/73.0.3683.103 Safari/537.36"
::1 - - [02/May/2019:11:03:47 +0700] "GET /phpmyadmin/sql.php?server=1&db=demolive&table=nhanvien&pos=0&ajax_request=true&ajax_page_request=true&_nocache=1556769827242942438&token=2O0%7Cy%5D%7Chn9kx%224Wb HTTP/1.1" 200 7879 "-" "Mozilla/5.0 (Windows NT 10.0; Win64; x64) AppleWebKit/537.36 (KHTML, like Gecko) Chrome/73.0.3683.103 Safari/537.36"
::1 - - [02/May/2019:11:03:47 +0700] "GET /phpmyadmin/index.php?ajax_request=1&recent_table=1&no_debug=true&_nocache=1556769827817906238&token=2O0%7Cy%5D%7Chn9kx%224Wb HTTP/1.1" 200 1610 "-" "Mozilla/5.0 (Windows NT 10.0; Win64; x64) AppleWebKit/537.36 (KHTML, like Gecko) Chrome/73.0.3683.103 Safari/537.36"
::1 - - [02/May/2019:11:03:58 +0700] "POST /phpmyadmin/tbl_row_action.php HTTP/1.1" 200 7481 "-" "Mozilla/5.0 (Windows NT 10.0; Win64; x64) AppleWebKit/537.36 (KHTML, like Gecko) Chrome/73.0.3683.103 Safari/537.36"
::1 - - [02/May/2019:11:03:58 +0700] "GET /phpmyadmin/index.php?ajax_request=1&recent_table=1&no_debug=true&_nocache=1556769838743404843&token=2O0%7Cy%5D%7Chn9kx%224Wb HTTP/1.1" 200 1610 "-" "Mozilla/5.0 (Windows NT 10.0; Win64; x64) AppleWebKit/537.36 (KHTML, like Gecko) Chrome/73.0.3683.103 Safari/537.36"
::1 - - [02/May/2019:11:04:04 +0700] "GET /phpmyadmin/tbl_structure.php?db=demolive&table=nhanvien&ajax_request=true&ajax_page_request=true&_nocache=1556769844056567773&token=2O0%7Cy%5D%7Chn9kx%224Wb HTTP/1.1" 200 8254 "-" "Mozilla/5.0 (Windows NT 10.0; Win64; x64) AppleWebKit/537.36 (KHTML, like Gecko) Chrome/73.0.3683.103 Safari/537.36"
::1 - - [02/May/2019:11:04:04 +0700] "GET /phpmyadmin/index.php?ajax_request=1&recent_table=1&no_debug=true&_nocache=1556769844553693705&token=2O0%7Cy%5D%7Chn9kx%224Wb HTTP/1.1" 200 1610 "-" "Mozilla/5.0 (Windows NT 10.0; Win64; x64) AppleWebKit/537.36 (KHTML, like Gecko) Chrome/73.0.3683.103 Safari/537.36"
::1 - - [02/May/2019:11:04:11 +0700] "POST /phpmyadmin/tbl_addfield.php HTTP/1.1" 200 11335 "-" "Mozilla/5.0 (Windows NT 10.0; Win64; x64) AppleWebKit/537.36 (KHTML, like Gecko) Chrome/73.0.3683.103 Safari/537.36"
::1 - - [02/May/2019:11:04:12 +0700] "GET /phpmyadmin/index.php?ajax_request=1&recent_table=1&no_debug=true&_nocache=1556769852174754619&token=2O0%7Cy%5D%7Chn9kx%224Wb HTTP/1.1" 200 1610 "-" "Mozilla/5.0 (Windows NT 10.0; Win64; x64) AppleWebKit/537.36 (KHTML, like Gecko) Chrome/73.0.3683.103 Safari/537.36"
::1 - - [02/May/2019:11:04:24 +0700] "POST /phpmyadmin/tbl_structure.php HTTP/1.1" 200 117 "-" "Mozilla/5.0 (Windows NT 10.0; Win64; x64) AppleWebKit/537.36 (KHTML, like Gecko) Chrome/73.0.3683.103 Safari/537.36"
::1 - - [02/May/2019:11:04:24 +0700] "POST /phpmyadmin/tbl_addfield.php HTTP/1.1" 200 2031 "-" "Mozilla/5.0 (Windows NT 10.0; Win64; x64) AppleWebKit/537.36 (KHTML, like Gecko) Chrome/73.0.3683.103 Safari/537.36"
::1 - - [02/May/2019:11:04:24 +0700] "POST /phpmyadmin/navigation.php?ajax_request=1 HTTP/1.1" 200 2763 "-" "Mozilla/5.0 (Windows NT 10.0; Win64; x64) AppleWebKit/537.36 (KHTML, like Gecko) Chrome/73.0.3683.103 Safari/537.36"
::1 - - [02/May/2019:11:04:24 +0700] "POST /phpmyadmin/sql.php?db=demojwt&table=users&pos=0 HTTP/1.1" 200 8243 "-" "Mozilla/5.0 (Windows NT 10.0; Win64; x64) AppleWebKit/537.36 (KHTML, like Gecko) Chrome/73.0.3683.103 Safari/537.36"
::1 - - [02/May/2019:11:04:28 +0700] "GET /phpmyadmin/sql.php?db=demolive&table=nhanvien&pos=0&ajax_request=true&ajax_page_request=true&_nocache=1556769868592695284&token=2O0%7Cy%5D%7Chn9kx%224Wb HTTP/1.1" 200 7915 "-" "Mozilla/5.0 (Windows NT 10.0; Win64; x64) AppleWebKit/537.36 (KHTML, like Gecko) Chrome/73.0.3683.103 Safari/537.36"
::1 - - [02/May/2019:11:04:29 +0700] "GET /phpmyadmin/index.php?ajax_request=1&recent_table=1&no_debug=true&_nocache=155676986904362046&token=2O0%7Cy%5D%7Chn9kx%224Wb HTTP/1.1" 200 1610 "-" "Mozilla/5.0 (Windows NT 10.0; Win64; x64) AppleWebKit/537.36 (KHTML, like Gecko) Chrome/73.0.3683.103 Safari/537.36"
::1 - - [02/May/2019:11:04:30 +0700] "GET /phpmyadmin/tbl_structure.php?db=demolive&table=nhanvien&ajax_request=true&ajax_page_request=true&_nocache=1556769870489548787&token=2O0%7Cy%5D%7Chn9kx%224Wb HTTP/1.1" 200 8503 "-" "Mozilla/5.0 (Windows NT 10.0; Win64; x64) AppleWebKit/537.36 (KHTML, like Gecko) Chrome/73.0.3683.103 Safari/537.36"
::1 - - [02/May/2019:11:04:31 +0700] "GET /phpmyadmin/index.php?ajax_request=1&recent_table=1&no_debug=true&_nocache=1556769871008671505&token=2O0%7Cy%5D%7Chn9kx%224Wb HTTP/1.1" 200 1610 "-" "Mozilla/5.0 (Windows NT 10.0; Win64; x64) AppleWebKit/537.36 (KHTML, like Gecko) Chrome/73.0.3683.103 Safari/537.36"
::1 - - [02/May/2019:11:04:33 +0700] "GET /phpmyadmin/sql.php?db=demolive&table=nhanvien&pos=0&ajax_request=true&ajax_page_request=true&_nocache=1556769873287956123&token=2O0%7Cy%5D%7Chn9kx%224Wb HTTP/1.1" 200 7913 "-" "Mozilla/5.0 (Windows NT 10.0; Win64; x64) AppleWebKit/537.36 (KHTML, like Gecko) Chrome/73.0.3683.103 Safari/537.36"
::1 - - [02/May/2019:11:04:33 +0700] "GET /phpmyadmin/index.php?ajax_request=1&recent_table=1&no_debug=true&_nocache=1556769873723931348&token=2O0%7Cy%5D%7Chn9kx%224Wb HTTP/1.1" 200 1610 "-" "Mozilla/5.0 (Windows NT 10.0; Win64; x64) AppleWebKit/537.36 (KHTML, like Gecko) Chrome/73.0.3683.103 Safari/537.36"
192.168.142.2 - - [02/May/2019:11:16:10 +0700] "POST /DemoLive/dangky.php HTTP/1.1" 200 355 "-" "okhttp/3.12.1"
::1 - - [02/May/2019:11:16:20 +0700] "GET /phpmyadmin/sql.php?db=demolive&table=nhanvien&pos=0&ajax_request=true&ajax_page_request=true&_nocache=1556770580128383991&token=2O0%7Cy%5D%7Chn9kx%224Wb HTTP/1.1" 200 7913 "-" "Mozilla/5.0 (Windows NT 10.0; Win64; x64) AppleWebKit/537.36 (KHTML, like Gecko) Chrome/73.0.3683.103 Safari/537.36"
::1 - - [02/May/2019:11:16:20 +0700] "GET /phpmyadmin/index.php?ajax_request=1&recent_table=1&no_debug=true&_nocache=1556770580689878217&token=2O0%7Cy%5D%7Chn9kx%224Wb HTTP/1.1" 200 1610 "-" "Mozilla/5.0 (Windows NT 10.0; Win64; x64) AppleWebKit/537.36 (KHTML, like Gecko) Chrome/73.0.3683.103 Safari/537.36"
::1 - - [02/May/2019:11:16:23 +0700] "GET /phpmyadmin/sql.php?db=demolive&table=nhanvien&pos=0&ajax_request=true&ajax_page_request=true&_nocache=1556770583260692136&token=2O0%7Cy%5D%7Chn9kx%224Wb HTTP/1.1" 200 7913 "-" "Mozilla/5.0 (Windows NT 10.0; Win64; x64) AppleWebKit/537.36 (KHTML, like Gecko) Chrome/73.0.3683.103 Safari/537.36"
::1 - - [02/May/2019:11:16:23 +0700] "GET /phpmyadmin/index.php?ajax_request=1&recent_table=1&no_debug=true&_nocache=1556770583710785595&token=2O0%7Cy%5D%7Chn9kx%224Wb HTTP/1.1" 200 1610 "-" "Mozilla/5.0 (Windows NT 10.0; Win64; x64) AppleWebKit/537.36 (KHTML, like Gecko) Chrome/73.0.3683.103 Safari/537.36"
192.168.142.2 - - [02/May/2019:11:17:02 +0700] "POST /DemoLive/dangky.php HTTP/1.1" 200 355 "-" "okhttp/3.12.1"
::1 - - [02/May/2019:11:17:09 +0700] "GET /phpmyadmin/sql.php?db=demolive&table=nhanvien&pos=0&ajax_request=true&ajax_page_request=true&_nocache=1556770629803406706&token=2O0%7Cy%5D%7Chn9kx%224Wb HTTP/1.1" 200 7913 "-" "Mozilla/5.0 (Windows NT 10.0; Win64; x64) AppleWebKit/537.36 (KHTML, like Gecko) Chrome/73.0.3683.103 Safari/537.36"
::1 - - [02/May/2019:11:17:10 +0700] "GET /phpmyadmin/index.php?ajax_request=1&recent_table=1&no_debug=true&_nocache=1556770630343701898&token=2O0%7Cy%5D%7Chn9kx%224Wb HTTP/1.1" 200 1610 "-" "Mozilla/5.0 (Windows NT 10.0; Win64; x64) AppleWebKit/537.36 (KHTML, like Gecko) Chrome/73.0.3683.103 Safari/537.36"
192.168.142.2 - - [02/May/2019:11:19:16 +0700] "POST /DemoLive/dangky.php HTTP/1.1" 200 18 "-" "okhttp/3.12.1"
192.168.142.2 - - [02/May/2019:11:19:20 +0700] "POST /DemoLive/dangky.php HTTP/1.1" 200 18 "-" "okhttp/3.12.1"
192.168.142.2 - - [02/May/2019:11:19:21 +0700] "POST /DemoLive/dangky.php HTTP/1.1" 200 18 "-" "okhttp/3.12.1"
192.168.142.2 - - [02/May/2019:11:19:24 +0700] "POST /DemoLive/dangky.php HTTP/1.1" 200 18 "-" "okhttp/3.12.1"
::1 - - [02/May/2019:11:19:35 +0700] "GET /phpmyadmin/sql.php?db=demolive&table=nhanvien&pos=0&ajax_request=true&ajax_page_request=true&_nocache=1556770775091618493&token=2O0%7Cy%5D%7Chn9kx%224Wb HTTP/1.1" 200 7910 "-" "Mozilla/5.0 (Windows NT 10.0; Win64; x64) AppleWebKit/537.36 (KHTML, like Gecko) Chrome/73.0.3683.103 Safari/537.36"
::1 - - [02/May/2019:11:19:35 +0700] "GET /phpmyadmin/index.php?ajax_request=1&recent_table=1&no_debug=true&_nocache=155677077563989670&token=2O0%7Cy%5D%7Chn9kx%224Wb HTTP/1.1" 200 1610 "-" "Mozilla/5.0 (Windows NT 10.0; Win64; x64) AppleWebKit/537.36 (KHTML, like Gecko) Chrome/73.0.3683.103 Safari/537.36"
::1 - - [02/May/2019:11:19:37 +0700] "GET /phpmyadmin/sql.php?db=demolive&table=nhanvien&pos=0&ajax_request=true&ajax_page_request=true&_nocache=1556770777655437541&token=2O0%7Cy%5D%7Chn9kx%224Wb HTTP/1.1" 200 7913 "-" "Mozilla/5.0 (Windows NT 10.0; Win64; x64) AppleWebKit/537.36 (KHTML, like Gecko) Chrome/73.0.3683.103 Safari/537.36"
::1 - - [02/May/2019:11:19:38 +0700] "GET /phpmyadmin/index.php?ajax_request=1&recent_table=1&no_debug=true&_nocache=1556770778135544889&token=2O0%7Cy%5D%7Chn9kx%224Wb HTTP/1.1" 200 1610 "-" "Mozilla/5.0 (Windows NT 10.0; Win64; x64) AppleWebKit/537.36 (KHTML, like Gecko) Chrome/73.0.3683.103 Safari/537.36"
::1 - - [02/May/2019:11:19:38 +0700] "GET /phpmyadmin/sql.php?db=demolive&table=nhanvien&pos=0&ajax_request=true&ajax_page_request=true&_nocache=1556770778738691994&token=2O0%7Cy%5D%7Chn9kx%224Wb HTTP/1.1" 200 7911 "-" "Mozilla/5.0 (Windows NT 10.0; Win64; x64) AppleWebKit/537.36 (KHTML, like Gecko) Chrome/73.0.3683.103 Safari/537.36"
::1 - - [02/May/2019:11:19:39 +0700] "GET /phpmyadmin/index.php?ajax_request=1&recent_table=1&no_debug=true&_nocache=1556770779248770438&token=2O0%7Cy%5D%7Chn9kx%224Wb HTTP/1.1" 200 1610 "-" "Mozilla/5.0 (Windows NT 10.0; Win64; x64) AppleWebKit/537.36 (KHTML, like Gecko) Chrome/73.0.3683.103 Safari/537.36"
::1 - - [02/May/2019:11:19:39 +0700] "GET /phpmyadmin/sql.php?db=demolive&table=nhanvien&pos=0&ajax_request=true&ajax_page_request=true&_nocache=1556770779809928916&token=2O0%7Cy%5D%7Chn9kx%224Wb HTTP/1.1" 200 7912 "-" "Mozilla/5.0 (Windows NT 10.0; Win64; x64) AppleWebKit/537.36 (KHTML, like Gecko) Chrome/73.0.3683.103 Safari/537.36"
::1 - - [02/May/2019:11:19:40 +0700] "GET /phpmyadmin/index.php?ajax_request=1&recent_table=1&no_debug=true&_nocache=1556770780270816699&token=2O0%7Cy%5D%7Chn9kx%224Wb HTTP/1.1" 200 1610 "-" "Mozilla/5.0 (Windows NT 10.0; Win64; x64) AppleWebKit/537.36 (KHTML, like Gecko) Chrome/73.0.3683.103 Safari/537.36"
::1 - - [02/May/2019:11:19:40 +0700] "GET /phpmyadmin/sql.php?db=demolive&table=nhanvien&pos=0&ajax_request=true&ajax_page_request=true&_nocache=1556770780664487920&token=2O0%7Cy%5D%7Chn9kx%224Wb HTTP/1.1" 200 7912 "-" "Mozilla/5.0 (Windows NT 10.0; Win64; x64) AppleWebKit/537.36 (KHTML, like Gecko) Chrome/73.0.3683.103 Safari/537.36"
::1 - - [02/May/2019:11:19:40 +0700] "GET /phpmyadmin/sql.php?db=demolive&table=nhanvien&pos=0&ajax_request=true&ajax_page_request=true&_nocache=1556770780870398452&token=2O0%7Cy%5D%7Chn9kx%224Wb HTTP/1.1" 200 7915 "-" "Mozilla/5.0 (Windows NT 10.0; Win64; x64) AppleWebKit/537.36 (KHTML, like Gecko) Chrome/73.0.3683.103 Safari/537.36"
::1 - - [02/May/2019:11:19:41 +0700] "GET /phpmyadmin/sql.php?db=demolive&table=nhanvien&pos=0&ajax_request=true&ajax_page_request=true&_nocache=1556770781435289650&token=2O0%7Cy%5D%7Chn9kx%224Wb HTTP/1.1" 200 7911 "-" "Mozilla/5.0 (Windows NT 10.0; Win64; x64) AppleWebKit/537.36 (KHTML, like Gecko) Chrome/73.0.3683.103 Safari/537.36"
::1 - - [02/May/2019:11:19:41 +0700] "GET /phpmyadmin/sql.php?db=demolive&table=nhanvien&pos=0&ajax_request=true&ajax_page_request=true&_nocache=1556770781618358018&token=2O0%7Cy%5D%7Chn9kx%224Wb HTTP/1.1" 200 7913 "-" "Mozilla/5.0 (Windows NT 10.0; Win64; x64) AppleWebKit/537.36 (KHTML, like Gecko) Chrome/73.0.3683.103 Safari/537.36"
::1 - - [02/May/2019:11:19:41 +0700] "GET /phpmyadmin/sql.php?db=demolive&table=nhanvien&pos=0&ajax_request=true&ajax_page_request=true&_nocache=1556770781813981773&token=2O0%7Cy%5D%7Chn9kx%224Wb HTTP/1.1" 200 7913 "-" "Mozilla/5.0 (Windows NT 10.0; Win64; x64) AppleWebKit/537.36 (KHTML, like Gecko) Chrome/73.0.3683.103 Safari/537.36"
::1 - - [02/May/2019:11:19:42 +0700] "GET /phpmyadmin/index.php?ajax_request=1&recent_table=1&no_debug=true&_nocache=155677078272075406&token=2O0%7Cy%5D%7Chn9kx%224Wb HTTP/1.1" 200 1610 "-" "Mozilla/5.0 (Windows NT 10.0; Win64; x64) AppleWebKit/537.36 (KHTML, like Gecko) Chrome/73.0.3683.103 Safari/537.36"
::1 - - [02/May/2019:11:20:01 +0700] "GET /DemoJWT/dangky.php HTTP/1.1" 404 1150 "-" "Mozilla/5.0 (Windows NT 10.0; Win64; x64) AppleWebKit/537.36 (KHTML, like Gecko) Chrome/73.0.3683.103 Safari/537.36"
::1 - - [02/May/2019:11:20:49 +0700] "GET /DemoLive/dangky.php HTTP/1.1" 200 18 "-" "Mozilla/5.0 (Windows NT 10.0; Win64; x64) AppleWebKit/537.36 (KHTML, like Gecko) Chrome/73.0.3683.103 Safari/537.36"
192.168.142.2 - - [02/May/2019:11:20:55 +0700] "POST /DemoLive/dangky.php HTTP/1.1" 200 18 "-" "okhttp/3.12.1"
192.168.142.2 - - [02/May/2019:11:20:57 +0700] "POST /DemoLive/dangky.php HTTP/1.1" 200 18 "-" "okhttp/3.12.1"
192.168.142.2 - - [02/May/2019:11:21:37 +0700] "POST /DemoLive/dangky.php HTTP/1.1" 200 18 "-" "okhttp/3.12.1"
192.168.142.2 - - [02/May/2019:11:21:48 +0700] "POST /DemoLive/dangky.php HTTP/1.1" 200 18 "-" "okhttp/3.12.1"
192.168.142.2 - - [02/May/2019:11:21:50 +0700] "POST /DemoLive/dangky.php HTTP/1.1" 200 18 "-" "okhttp/3.12.1"
192.168.142.2 - - [02/May/2019:11:23:10 +0700] "POST /DemoLive/dangky.php HTTP/1.1" 200 18 "-" "okhttp/3.12.1"
192.168.142.2 - - [02/May/2019:11:23:53 +0700] "POST /DemoLive/dangky.php HTTP/1.1" 200 18 "-" "okhttp/3.12.1"
192.168.142.2 - - [02/May/2019:11:23:54 +0700] "POST /DemoLive/dangky.php HTTP/1.1" 200 18 "-" "okhttp/3.12.1"
192.168.142.2 - - [02/May/2019:11:23:54 +0700] "POST /DemoLive/dangky.php HTTP/1.1" 200 18 "-" "okhttp/3.12.1"
192.168.142.2 - - [02/May/2019:11:23:55 +0700] "POST /DemoLive/dangky.php HTTP/1.1" 200 18 "-" "okhttp/3.12.1"
192.168.142.2 - - [02/May/2019:11:23:55 +0700] "POST /DemoLive/dangky.php HTTP/1.1" 200 18 "-" "okhttp/3.12.1"
192.168.142.2 - - [02/May/2019:11:23:55 +0700] "POST /DemoLive/dangky.php HTTP/1.1" 200 18 "-" "okhttp/3.12.1"
::1 - - [02/May/2019:11:24:00 +0700] "GET /DemoLive/dangky.php HTTP/1.1" 200 18 "-" "Mozilla/5.0 (Windows NT 10.0; Win64; x64) AppleWebKit/537.36 (KHTML, like Gecko) Chrome/73.0.3683.103 Safari/537.36"
::1 - - [02/May/2019:11:24:00 +0700] "GET /favicon.ico HTTP/1.1" 200 30894 "http://localhost/DemoLive/dangky.php" "Mozilla/5.0 (Windows NT 10.0; Win64; x64) AppleWebKit/537.36 (KHTML, like Gecko) Chrome/73.0.3683.103 Safari/537.36"
::1 - - [02/May/2019:11:24:05 +0700] "GET /phpmyadmin/sql.php?db=demolive&table=nhanvien&pos=0&ajax_request=true&ajax_page_request=true&_nocache=1556771045875296153&token=2O0%7Cy%5D%7Chn9kx%224Wb HTTP/1.1" 200 7910 "-" "Mozilla/5.0 (Windows NT 10.0; Win64; x64) AppleWebKit/537.36 (KHTML, like Gecko) Chrome/73.0.3683.103 Safari/537.36"
::1 - - [02/May/2019:11:24:06 +0700] "GET /phpmyadmin/index.php?ajax_request=1&recent_table=1&no_debug=true&_nocache=1556771046358981843&token=2O0%7Cy%5D%7Chn9kx%224Wb HTTP/1.1" 200 1610 "-" "Mozilla/5.0 (Windows NT 10.0; Win64; x64) AppleWebKit/537.36 (KHTML, like Gecko) Chrome/73.0.3683.103 Safari/537.36"
::1 - - [02/May/2019:11:24:09 +0700] "POST /phpmyadmin/tbl_row_action.php HTTP/1.1" 200 105 "-" "Mozilla/5.0 (Windows NT 10.0; Win64; x64) AppleWebKit/537.36 (KHTML, like Gecko) Chrome/73.0.3683.103 Safari/537.36"
::1 - - [02/May/2019:11:24:12 +0700] "GET /phpmyadmin/tbl_structure.php?db=demolive&table=nhanvien&ajax_request=true&ajax_page_request=true&_nocache=1556771052965974670&token=2O0%7Cy%5D%7Chn9kx%224Wb HTTP/1.1" 200 8507 "-" "Mozilla/5.0 (Windows NT 10.0; Win64; x64) AppleWebKit/537.36 (KHTML, like Gecko) Chrome/73.0.3683.103 Safari/537.36"
::1 - - [02/May/2019:11:24:13 +0700] "GET /phpmyadmin/index.php?ajax_request=1&recent_table=1&no_debug=true&_nocache=1556771053508239170&token=2O0%7Cy%5D%7Chn9kx%224Wb HTTP/1.1" 200 1610 "-" "Mozilla/5.0 (Windows NT 10.0; Win64; x64) AppleWebKit/537.36 (KHTML, like Gecko) Chrome/73.0.3683.103 Safari/537.36"
::1 - - [02/May/2019:11:24:18 +0700] "POST /phpmyadmin/tbl_structure.php HTTP/1.1" 200 3634 "-" "Mozilla/5.0 (Windows NT 10.0; Win64; x64) AppleWebKit/537.36 (KHTML, like Gecko) Chrome/73.0.3683.103 Safari/537.36"
::1 - - [02/May/2019:11:24:18 +0700] "GET /phpmyadmin/index.php?ajax_request=1&recent_table=1&no_debug=true&_nocache=1556771058610675768&token=2O0%7Cy%5D%7Chn9kx%224Wb HTTP/1.1" 200 1610 "-" "Mozilla/5.0 (Windows NT 10.0; Win64; x64) AppleWebKit/537.36 (KHTML, like Gecko) Chrome/73.0.3683.103 Safari/537.36"
::1 - - [02/May/2019:11:24:21 +0700] "POST /phpmyadmin/tbl_structure.php HTTP/1.1" 200 8525 "-" "Mozilla/5.0 (Windows NT 10.0; Win64; x64) AppleWebKit/537.36 (KHTML, like Gecko) Chrome/73.0.3683.103 Safari/537.36"
::1 - - [02/May/2019:11:24:22 +0700] "GET /phpmyadmin/index.php?ajax_request=1&recent_table=1&no_debug=true&_nocache=1556771062271292435&token=2O0%7Cy%5D%7Chn9kx%224Wb HTTP/1.1" 200 1610 "-" "Mozilla/5.0 (Windows NT 10.0; Win64; x64) AppleWebKit/537.36 (KHTML, like Gecko) Chrome/73.0.3683.103 Safari/537.36"
